// Jest Snapshot v1, https://goo.gl/fbAQLP

exports[`ProjectsIndex renders correctly 1`] = `
[
  <h1>
    Projects
  </h1>,
  <div
    className="projects"
  >
    <table
      className="projects-filters"
    >
      <thead>
        <tr>
          <th>
            Filters
          </th>
        </tr>
      </thead>
      <tbody>
        <tr>
          <td />
        </tr>
        <tr>
          <td />
        </tr>
        <tr>
          <td />
        </tr>
        <tr>
          <td />
        </tr>
      </tbody>
    </table>
    <table
      className="projects-list"
    >
      <thead>
        <tr>
          <th>
            Name
          </th>
          <th>
            Start date
          </th>
          <th>
            End date
          </th>
        </tr>
      </thead>
      <tbody>
        <tr>
          <td>
            Dummy 0
          </td>
          <td>
            Thu Jan 01 1970
          </td>
          <td>
            Thu Jan 01 1970
          </td>
        </tr>
        <tr>
          <td>
            Dummy 1
          </td>
          <td>
            Thu Jan 01 1970
          </td>
          <td>
            Thu Jan 01 1970
          </td>
        </tr>
        <tr>
          <td>
            Dummy 2
          </td>
          <td>
            Thu Jan 01 1970
          </td>
          <td>
            Thu Jan 01 1970
          </td>
        </tr>
        <tr>
          <td>
            Dummy 3
          </td>
          <td>
            Thu Jan 01 1970
          </td>
          <td>
            Thu Jan 01 1970
          </td>
        </tr>
        <tr>
          <td>
            Dummy 4
          </td>
          <td>
            Thu Jan 01 1970
          </td>
          <td>
            Thu Jan 01 1970
          </td>
        </tr>
      </tbody>
    </table>
  </div>,
]
`;
